/mnt/data/cpf_s03_work/tcp_harness/src/com/cpf/starter/tcp/CpfTcpProperties.java:5: error: package org.springframework.boot.context.properties does not exist
import org.springframework.boot.context.properties.ConfigurationProperties;
                                                  ^
/mnt/data/cpf_s03_work/tcp_harness/src/com/cpf/starter/tcp/CpfTcpProperties.java:7: error: cannot find symbol
@ConfigurationProperties("cpf.integration.tcp")
 ^
  symbol: class ConfigurationProperties
/mnt/data/cpf_s03_work/tcp_harness/src/com/cpf/starter/tcp/CpfTcpClient.java:28: error: cannot find symbol
    private final CpfTcpTlsContextProvider tlsContextProvider;
                  ^
  symbol:   class CpfTcpTlsContextProvider
  location: class CpfTcpClient
/mnt/data/cpf_s03_work/tcp_harness/src/com/cpf/starter/tcp/CpfTcpClient.java:34: error: cannot find symbol
            CpfTcpTlsContextProvider tlsContextProvider) {
            ^
  symbol:   class CpfTcpTlsContextProvider
  location: class CpfTcpClient
/mnt/data/cpf_s03_work/tcp_harness/src/com/cpf/starter/tcp/CpfTcpProperties.java:112: error: cannot find symbol
        new CpfTcpReconnectPolicy(reconnectInitial, reconnectMax, reconnectJitter);
            ^
  symbol:   class CpfTcpReconnectPolicy
  location: class CpfTcpProperties
5 errors
